// Bun Snapshot v1, https://bun.sh/docs/test/snapshots

exports[`svg getSvgGroupFromObj snapshot of PlaceMarkSvg matches 1`] = `
Group {
  "animations": [],
  "castShadow": false,
  "children": [
    Group {
      "animations": [],
      "castShadow": false,
      "children": [],
      "frustumCulled": true,
      "id": 4,
      "layers": Layers {
        "mask": 1,
      },
      "matrix": Matrix4 {
        "elements": [
          1,
          0,
          0,
          0,
          0,
          1,
          0,
          0,
          0,
          0,
          1,
          0,
          0,
          0,
          0,
          1,
        ],
      },
      "matrixAutoUpdate": true,
      "matrixWorld": Matrix4 {
        "elements": [
          1,
          0,
          0,
          0,
          0,
          1,
          0,
          0,
          0,
          0,
          1,
          0,
          0,
          0,
          0,
          1,
        ],
      },
      "matrixWorldNeedsUpdate": true,
      "modelViewMatrix": Matrix4 {
        "elements": [
          1,
          0,
          0,
          0,
          0,
          1,
          0,
          0,
          0,
          0,
          1,
          0,
          0,
          0,
          0,
          1,
        ],
      },
      "name": "",
      "normalMatrix": Matrix3 {
        "elements": [
          1,
          0,
          0,
          0,
          1,
          0,
          0,
          0,
          1,
        ],
      },
      "parent": [Circular],
      "position": Vector3 {
        "x": NaN,
        "y": 2,
        "z": 0,
      },
      "quaternion": Quaternion {
        "_onChangeCallback": [Function: onQuaternionChange],
        "_w": 1,
        "_x": 0,
        "_y": 0,
        "_z": 0,
      },
      "receiveShadow": false,
      "renderOrder": 0,
      "rotation": Euler {
        "_onChangeCallback": [Function: onRotationChange],
        "_order": "XYZ",
        "_x": 0,
        "_y": 0,
        "_z": 0,
      },
      "scale": Vector3 {
        "x": -0,
        "y": 0,
        "z": 1,
      },
      "type": "Group",
      "up": Vector3 {
        "x": 0,
        "y": 1,
        "z": 0,
      },
      "userData": {},
      "visible": true,
    },
  ],
  "frustumCulled": true,
  "id": 5,
  "layers": Layers {
    "mask": 1,
  },
  "matrix": Matrix4 {
    "elements": [
      1,
      0,
      0,
      0,
      0,
      1,
      0,
      0,
      0,
      0,
      1,
      0,
      0,
      0,
      0,
      1,
    ],
  },
  "matrixAutoUpdate": true,
  "matrixWorld": Matrix4 {
    "elements": [
      1,
      0,
      0,
      0,
      0,
      1,
      0,
      0,
      0,
      0,
      1,
      0,
      0,
      0,
      0,
      1,
    ],
  },
  "matrixWorldNeedsUpdate": false,
  "modelViewMatrix": Matrix4 {
    "elements": [
      1,
      0,
      0,
      0,
      0,
      1,
      0,
      0,
      0,
      0,
      1,
      0,
      0,
      0,
      0,
      1,
    ],
  },
  "name": "",
  "normalMatrix": Matrix3 {
    "elements": [
      1,
      0,
      0,
      0,
      1,
      0,
      0,
      0,
      1,
    ],
  },
  "parent": null,
  "position": Vector3 {
    "x": 0,
    "y": 0,
    "z": 0,
  },
  "quaternion": Quaternion {
    "_onChangeCallback": [Function: onQuaternionChange],
    "_w": 1,
    "_x": 0,
    "_y": 0,
    "_z": 0,
  },
  "receiveShadow": false,
  "renderOrder": 0,
  "rotation": Euler {
    "_onChangeCallback": [Function: onRotationChange],
    "_order": "XYZ",
    "_x": 0,
    "_y": 0,
    "_z": 0,
  },
  "scale": Vector3 {
    "x": 1,
    "y": 1,
    "z": 1,
  },
  "type": "Group",
  "up": Vector3 {
    "x": 0,
    "y": 1,
    "z": 0,
  },
  "userData": {},
  "visible": true,
}
`;

exports[`svg getSpriteFromSvgCanvas snapshot of PlaceMarkSvg matches 1`] = `
Sprite {
  "animations": [],
  "castShadow": false,
  "center": Vector2 {
    "x": 0.5,
    "y": 0.5,
  },
  "children": [],
  "frustumCulled": true,
  "geometry": BufferGeometry {
    "attributes": {
      "position": InterleavedBufferAttribute {
        "data": InterleavedBuffer {
          "array": Float32Array [
            -0.5,
            -0.5,
            0,
            0,
            0,
            0.5,
            -0.5,
            0,
            1,
            0,
            0.5,
            0.5,
            0,
            1,
            1,
            -0.5,
            0.5,
            0,
            0,
            1,
          ],
          "count": 4,
          "stride": 5,
          "updateRange": {
            "count": -1,
            "offset": 0,
          },
          "usage": 35044,
          "version": 0,
        },
        "itemSize": 3,
        "name": "",
        "normalized": false,
        "offset": 0,
      },
      "uv": InterleavedBufferAttribute {
        "data": InterleavedBuffer {
          "array": Float32Array [
            -0.5,
            -0.5,
            0,
            0,
            0,
            0.5,
            -0.5,
            0,
            1,
            0,
            0.5,
            0.5,
            0,
            1,
            1,
            -0.5,
            0.5,
            0,
            0,
            1,
          ],
          "count": 4,
          "stride": 5,
          "updateRange": {
            "count": -1,
            "offset": 0,
          },
          "usage": 35044,
          "version": 0,
        },
        "itemSize": 2,
        "name": "",
        "normalized": false,
        "offset": 3,
      },
    },
    "boundingBox": null,
    "boundingSphere": null,
    "drawRange": {
      "count": Infinity,
      "start": 0,
    },
    "groups": [],
    "id": 12,
    "index": Uint16BufferAttribute {
      "array": Uint16Array [
        0,
        1,
        2,
        0,
        2,
        3,
      ],
      "count": 6,
      "itemSize": 1,
      "name": "",
      "normalized": false,
      "updateRange": {
        "count": -1,
        "offset": 0,
      },
      "usage": 35044,
      "version": 0,
    },
    "morphAttributes": {},
    "morphTargetsRelative": false,
    "name": "",
    "type": "BufferGeometry",
    "userData": {},
  },
  "id": 6,
  "layers": Layers {
    "mask": 1,
  },
  "material": SpriteMaterial {
    "_alphaTest": 0,
    "alphaMap": null,
    "alphaToCoverage": false,
    "blendDst": 205,
    "blendDstAlpha": null,
    "blendEquation": 100,
    "blendEquationAlpha": null,
    "blendSrc": 204,
    "blendSrcAlpha": null,
    "blending": 1,
    "clipIntersection": false,
    "clipShadows": false,
    "clippingPlanes": null,
    "color": Color {
      "b": 1,
      "g": 1,
      "r": 1,
    },
    "colorWrite": true,
    "depthFunc": 3,
    "depthTest": true,
    "depthWrite": true,
    "dithering": false,
    "fog": true,
    "format": 1023,
    "id": 1,
    "map": Texture {
      "anisotropy": 1,
      "center": Vector2 {
        "x": 0,
        "y": 0,
      },
      "encoding": 3000,
      "flipY": true,
      "format": 1023,
      "generateMipmaps": true,
      "id": 4,
      "internalFormat": null,
      "isRenderTargetTexture": false,
      "magFilter": 1006,
      "mapping": 300,
      "matrix": Matrix3 {
        "elements": [
          1,
          0,
          0,
          0,
          1,
          0,
          0,
          0,
          1,
        ],
      },
      "matrixAutoUpdate": true,
      "minFilter": 1006,
      "mipmaps": [],
      "name": "",
      "offset": Vector2 {
        "x": 0,
        "y": 0,
      },
      "onUpdate": null,
      "premultiplyAlpha": false,
      "repeat": Vector2 {
        "x": 1,
        "y": 1,
      },
      "rotation": 0,
      "type": 1009,
      "unpackAlignment": 4,
      "userData": {},
      "version": 1,
      "wrapS": 1001,
      "wrapT": 1001,
    },
    "name": "",
    "opacity": 1,
    "polygonOffset": false,
    "polygonOffsetFactor": 0,
    "polygonOffsetUnits": 0,
    "precision": null,
    "premultipliedAlpha": false,
    "rotation": 0,
    "shadowSide": null,
    "side": 2,
    "sizeAttenuation": true,
    "stencilFail": 7680,
    "stencilFunc": 519,
    "stencilFuncMask": 255,
    "stencilRef": 0,
    "stencilWrite": false,
    "stencilWriteMask": 255,
    "stencilZFail": 7680,
    "stencilZPass": 7680,
    "toneMapped": true,
    "transparent": true,
    "type": "SpriteMaterial",
    "userData": {},
    "version": 0,
    "vertexColors": false,
    "visible": true,
  },
  "matrix": Matrix4 {
    "elements": [
      1,
      0,
      0,
      0,
      0,
      1,
      0,
      0,
      0,
      0,
      1,
      0,
      0,
      0,
      0,
      1,
    ],
  },
  "matrixAutoUpdate": true,
  "matrixWorld": Matrix4 {
    "elements": [
      1,
      0,
      0,
      0,
      0,
      1,
      0,
      0,
      0,
      0,
      1,
      0,
      0,
      0,
      0,
      1,
    ],
  },
  "matrixWorldNeedsUpdate": false,
  "modelViewMatrix": Matrix4 {
    "elements": [
      1,
      0,
      0,
      0,
      0,
      1,
      0,
      0,
      0,
      0,
      1,
      0,
      0,
      0,
      0,
      1,
    ],
  },
  "name": "",
  "normalMatrix": Matrix3 {
    "elements": [
      1,
      0,
      0,
      0,
      1,
      0,
      0,
      0,
      1,
    ],
  },
  "parent": null,
  "position": Vector3 {
    "x": 0,
    "y": 0,
    "z": 0,
  },
  "quaternion": Quaternion {
    "_onChangeCallback": [Function: onQuaternionChange],
    "_w": 1,
    "_x": 0,
    "_y": 0,
    "_z": 0,
  },
  "receiveShadow": false,
  "renderOrder": 0,
  "rotation": Euler {
    "_onChangeCallback": [Function: onRotationChange],
    "_order": "XYZ",
    "_x": 0,
    "_y": 0,
    "_z": 0,
  },
  "scale": Vector3 {
    "x": 1,
    "y": 1,
    "z": 1,
  },
  "type": "Sprite",
  "up": Vector3 {
    "x": 0,
    "y": 1,
    "z": 0,
  },
  "userData": {},
  "visible": true,
}
`;
